<html>
<body>
<pre>
<h1>µVision Build Log</h1>
<h2>Tool Versions:</h2>
IDE-Version: µVision V5.28.0.0
Copyright (C) 2019 ARM Ltd and ARM Germany GmbH. All rights reserved.
License Information: qtqw Admin, sfwq, LIC=----
 
Tool Versions:
Toolchain:       MDK-Lite  Version: 5.28.0.0
Toolchain Path:  D:\keli c v5\ARM\ARMCC\Bin
C Compiler:      Armcc.exe V5.06 update 6 (build 750)
Assembler:       Armasm.exe V5.06 update 6 (build 750)
Linker/Locator:  ArmLink.exe V5.06 update 6 (build 750)
Library Manager: ArmAr.exe V5.06 update 6 (build 750)
Hex Converter:   FromElf.exe V5.06 update 6 (build 750)
CPU DLL:         SARMCM3.DLL V5.28.0.0
Dialog DLL:      DCM.DLL V1.17.3.0
Target DLL:      STLink\ST-LINKIII-KEIL_SWO.dll V3.0.6.0
Dialog DLL:      TCM.DLL V1.36.2.0
 
<h2>Project:</h2>
D:\project for study\Training STM32\Buoi_3\MDK-ARM\Buoi_3.uvprojx
Project File Date:  12/07/2023

<h2>Output:</h2>
*** Using Compiler 'V5.06 update 6 (build 750)', folder: 'D:\keli c v5\ARM\ARMCC\Bin'
Build target 'Buoi_3'
compiling main.c...
../Core/Src/main.c(35): warning:  #188-D: enumerated type mixed with another type
  			if(toi ==10) HAL_GPIO_WritePin(GPIOD,GPIO_PIN_12,0);
../Core/Src/main.c(39): warning:  #188-D: enumerated type mixed with another type
  			if(toi1 ==10) HAL_GPIO_WritePin(GPIOD,GPIO_PIN_13,0);
../Core/Src/main.c(43): warning:  #188-D: enumerated type mixed with another type
  			if(toi ==10) HAL_GPIO_WritePin(GPIOD,GPIO_PIN_12,0);
../Core/Src/main.c(45): warning:  #188-D: enumerated type mixed with another type
  			if(toi1 ==10) HAL_GPIO_WritePin(GPIOD,GPIO_PIN_13,0);
../Core/Src/main.c(49): warning:  #188-D: enumerated type mixed with another type
  		HAL_GPIO_WritePin(GPIOD,GPIO_PIN_12,0);
../Core/Src/main.c(50): warning:  #188-D: enumerated type mixed with another type
  		HAL_GPIO_WritePin(GPIOD,GPIO_PIN_13,0);
../Core/Src/main.c(270): warning:  #186-D: pointless comparison of unsigned integer with zero
  		if(z>=0 && z<=3){
../Core/Src/main.c: 7 warnings, 0 errors
linking...
Program Size: Code=4398 RO-data=458 RW-data=48 ZI-data=1632  
FromELF: creating hex file...
"Buoi_3\Buoi_3.axf" - 0 Error(s), 7 Warning(s).

<h2>Software Packages used:</h2>

Package Vendor: ARM
                http://www.keil.com/pack/ARM.CMSIS.5.9.0.pack
                ARM.CMSIS.5.9.0
                CMSIS (Common Microcontroller Software Interface Standard)
   * Component: CORE Version: 5.6.0

Package Vendor: Keil
                https://www.keil.com/pack/Keil.STM32F4xx_DFP.2.17.1.pack
                Keil.STM32F4xx_DFP.2.17.1
                STMicroelectronics STM32F4 Series Device Support, Drivers and Examples

<h2>Collection of Component include folders:</h2>
  .\RTE\_Buoi_3
  D:\keli c v5\ARM\CMSIS\5.9.0\CMSIS\Core\Include
  D:\keli c v5\Keil\STM32F4xx_DFP\2.17.1\Drivers\CMSIS\Device\ST\STM32F4xx\Include

<h2>Collection of Component Files used:</h2>

   * Component: ARM::CMSIS:CORE:5.6.0
      Include file:  CMSIS\Core\Include\tz_context.h
Build Time Elapsed:  00:00:02
</pre>
</body>
</html>
